// Jest Snapshot v1, https://goo.gl/fbAQLP

exports[`Snapshots should render Playground 1`] = `
<Fragment>
  <Gameboy
    gameStarted={false}
    gameover={false}
    isPause={true}
    isSoloMode={false}
    roomPlayers={Array []}
    setIsPause={[Function]}
    speedMode={false}
  >
    <View
      style={
        Object {
          "alignSelf": "flex-start",
          "flexDirection": "row",
          "width": "100%",
        }
      }
    >
      <Matrix
        block={
          Object {
            "pos": Array [
              -2,
              4,
            ],
            "shape": Array [
              Array [
                1,
                1,
              ],
              Array [
                1,
                1,
              ],
            ],
            "type": "O",
          }
        }
        matrix={
          Array [
            Array [
              0,
              0,
              0,
              0,
              0,
              0,
              0,
              0,
              0,
              0,
            ],
            Array [
              0,
              0,
              0,
              0,
              0,
              0,
              0,
              0,
              0,
              0,
            ],
            Array [
              0,
              0,
              0,
              0,
              0,
              0,
              0,
              0,
              0,
              0,
            ],
            Array [
              0,
              0,
              0,
              0,
              0,
              0,
              0,
              0,
              0,
              0,
            ],
            Array [
              0,
              0,
              0,
              0,
              0,
              0,
              0,
              0,
              0,
              0,
            ],
            Array [
              0,
              0,
              0,
              0,
              0,
              0,
              0,
              0,
              0,
              0,
            ],
            Array [
              0,
              0,
              0,
              0,
              0,
              0,
              0,
              0,
              0,
              0,
            ],
            Array [
              0,
              0,
              0,
              0,
              0,
              0,
              0,
              0,
              0,
              0,
            ],
            Array [
              0,
              0,
              0,
              0,
              0,
              0,
              0,
              0,
              0,
              0,
            ],
            Array [
              0,
              0,
              0,
              0,
              0,
              0,
              0,
              0,
              0,
              0,
            ],
            Array [
              0,
              0,
              0,
              0,
              0,
              0,
              0,
              0,
              0,
              0,
            ],
            Array [
              0,
              0,
              0,
              0,
              0,
              0,
              0,
              0,
              0,
              0,
            ],
            Array [
              0,
              0,
              0,
              0,
              0,
              0,
              0,
              0,
              0,
              0,
            ],
            Array [
              0,
              0,
              0,
              0,
              0,
              0,
              0,
              0,
              0,
              0,
            ],
            Array [
              0,
              0,
              0,
              0,
              0,
              0,
              0,
              0,
              0,
              0,
            ],
            Array [
              0,
              0,
              0,
              0,
              0,
              0,
              0,
              0,
              0,
              0,
            ],
            Array [
              0,
              0,
              0,
              0,
              0,
              0,
              0,
              0,
              0,
              0,
            ],
            Array [
              0,
              0,
              0,
              0,
              0,
              0,
              0,
              0,
              0,
              0,
            ],
            Array [
              0,
              0,
              0,
              0,
              0,
              0,
              0,
              0,
              0,
              0,
            ],
            Array [
              0,
              0,
              0,
              0,
              0,
              0,
              0,
              0,
              0,
              0,
            ],
          ]
        }
      />
      <View
        style={
          Object {
            "flex": 1,
            "justifyContent": "space-around",
            "marginLeft": 10,
          }
        }
      >
        <View
          style={
            Object {
              "flexDirection": "row",
            }
          }
        >
          <Text
            style={
              Object {
                "fontSize": 20,
              }
            }
          >
            Score
          </Text>
          <Text
            style={
              Object {
                "fontFamily": "Digital",
                "fontSize": 30,
                "marginLeft": 10,
              }
            }
          >
            0
          </Text>
        </View>
        <View
          style={
            Object {
              "flexDirection": "row",
            }
          }
        >
          <Text
            style={
              Object {
                "fontSize": 20,
              }
            }
          >
            Next
          </Text>
          <Matrix
            block={
              Object {
                "pos": Array [
                  0,
                  0,
                ],
                "shape": Array [
                  Array [
                    1,
                    1,
                  ],
                  Array [
                    1,
                    1,
                  ],
                ],
                "type": "O",
              }
            }
            matrix={
              Array [
                Array [
                  0,
                  0,
                  0,
                  0,
                ],
                Array [
                  0,
                  0,
                  0,
                  0,
                ],
              ]
            }
            style={
              Object {
                "borderWidth": 0,
                "marginLeft": 10,
                "marginVertical": 10,
              }
            }
          />
        </View>
      </View>
    </View>
  </Gameboy>
  <View
    handleNewUserMessage={[Function]}
    subtitle="No players"
    title="Leader: no leader"
  />
</Fragment>
`;
